// Jest Snapshot v1, https://goo.gl/fbAQLP

exports[`renders correctly 1`] = `
[
  <h1>
    0
  </h1>,
  <button
    onClick={[Function]}
  >
    Increment
  </button>,
]
`;
